// Jest Snapshot v1, https://goo.gl/fbAQLP

exports[`<BrandInactiveChannel /> renders 1`] = `
<div>
  <div>
    <div>
      This brand doesn't advertise on 
      Twitter
    </div>
    <Button
      className=""
      component={null}
      disabled={false}
      href="undefined/settings/social_profiles"
      onClick={null}
      priority="primary"
      size="large"
    >
      Add to 
      Twitter
    </Button>
  </div>
</div>
`;

exports[`<CheckBrandChannelActive /> renders loading modal when orgs are loading 1`] = `
<span>
  <Modal
    closeTimeoutMS={500}
    contentLabel="this is a modal"
    handleCloseClick={null}
    isOpen={true}
  >
    <SpinnerModalContent
      error={false}
      errorOnClose={null}
      message={null}
      success={false}
      successOnClose={null}
    />
  </Modal>
</span>
`;

exports[`<CheckBrandChannelActive /> renders the BrandInactiveChannel when brandHasChannel is false 1`] = `
<span>
  <BrandInactiveChannel
    channel="twitter"
  />
</span>
`;

exports[`<CheckBrandChannelActive /> renders the children when brandHasChannel is true 1`] = `
<span>
  <div
    id="child"
  >
    We are the children
  </div>
</span>
`;
