// Jest Snapshot v1, https://goo.gl/fbAQLP

exports[`<BreadCrumbLink /> renders 1`] = `
<Connect(PersistentQueryLink)
  className="breadcrumb"
  href={
    Object {
      "pathname": "/brands/5/snapchat/manager/adsets",
      "persistQuery": true,
    }
  }
  title="My Cool Selected Campaign"
>
  My Cool Selected Campaign
</Connect(PersistentQueryLink)>
`;
